
Allocating common symbols
Common symbol       size              file

global_vars2        0x4               main.o

Memory Configuration

Name             Origin             Length             Attributes
flash            0x08000000         0x00020000         xr
sram             0x20000000         0x00005000         xrw
*default*        0x00000000         0xffffffff

Linker script and memory map


.text           0x08000000      0x138
 *(.vectors*)
 .vectors       0x08000000       0x50 startup.o
 .vectors       0x08000050       0x50 startup.o
 *(.text)
 .text          0x080000a0       0x84 main.o
                0x080000a0                main
 .text          0x08000124        0x8 startup.o
 .text          0x0800012c        0x8 startup.o
 *(.rodata)
 .rodata        0x08000134        0x3 main.o
                0x08000134                global_varsc1
                0x08000135                global_varsc2
                0x08000136                global_varsc3
                0x08000138                . = ALIGN (0x4)
 *fill*         0x08000137        0x1 
                0x08000138                _E_text = .

.glue_7         0x08000138        0x0
 .glue_7        0x00000000        0x0 linker stubs

.glue_7t        0x08000138        0x0
 .glue_7t       0x00000000        0x0 linker stubs

.vfp11_veneer   0x08000138        0x0
 .vfp11_veneer  0x00000000        0x0 linker stubs

.v4_bx          0x08000138        0x0
 .v4_bx         0x00000000        0x0 linker stubs

.iplt           0x08000138        0x0
 .iplt          0x00000000        0x0 main.o

.rel.dyn        0x08000138        0x0
 .rel.iplt      0x00000000        0x0 main.o

.data           0x20000000        0x8 load address 0x08000138
                0x20000000                _S_data = .
 *(.data*)
 .data          0x20000000        0x8 main.o
                0x20000000                global_vars
 .data          0x20000008        0x0 startup.o
 .data          0x20000008        0x0 startup.o
                0x20000008                _E_data = .

.igot.plt       0x20000008        0x0 load address 0x08000140
 .igot.plt      0x00000000        0x0 main.o

.bss            0x20000008     0x1004 load address 0x08000140
                0x20000008                _S_bss = .
 *(.bss*)
 .bss           0x20000008        0x0 main.o
 .bss           0x20000008        0x0 startup.o
 .bss           0x20000008        0x0 startup.o
                0x20000008                _E_bss = .
                0x20000008                . = ALIGN (0x4)
                0x20001008                . = (. + 0x1000)
 *fill*         0x20000008     0x1000 
                0x20001008                _stack_top = .
 COMMON         0x20001008        0x4 main.o
                0x20001008                global_vars2
LOAD main.o
LOAD startup.o
LOAD startup.o
OUTPUT(cortex-m3.elf elf32-littlearm)

.debug_info     0x00000000      0x254
 .debug_info    0x00000000      0x150 main.o
 .debug_info    0x00000150       0x82 startup.o
 .debug_info    0x000001d2       0x82 startup.o

.debug_abbrev   0x00000000       0xbb
 .debug_abbrev  0x00000000       0x93 main.o
 .debug_abbrev  0x00000093       0x14 startup.o
 .debug_abbrev  0x000000a7       0x14 startup.o

.debug_loc      0x00000000       0x38
 .debug_loc     0x00000000       0x38 main.o

.debug_aranges  0x00000000       0x60
 .debug_aranges
                0x00000000       0x20 main.o
 .debug_aranges
                0x00000020       0x20 startup.o
 .debug_aranges
                0x00000040       0x20 startup.o

.debug_line     0x00000000      0x117
 .debug_line    0x00000000       0xa1 main.o
 .debug_line    0x000000a1       0x3b startup.o
 .debug_line    0x000000dc       0x3b startup.o

.debug_str      0x00000000      0x121
 .debug_str     0x00000000      0x121 main.o
                                0x162 (size before relaxing)

.comment        0x00000000       0x11
 .comment       0x00000000       0x11 main.o
                                 0x12 (size before relaxing)

.ARM.attributes
                0x00000000       0x31
 .ARM.attributes
                0x00000000       0x33 main.o
 .ARM.attributes
                0x00000033       0x21 startup.o
 .ARM.attributes
                0x00000054       0x21 startup.o

.debug_frame    0x00000000       0x2c
 .debug_frame   0x00000000       0x2c main.o
